# generated_by='OpenQuake engine 3.6.0-git017d410765', start_date='2019-05-24T08:12:48', checksum=905885649, kind='max', investigation_time=50.0
lon,lat,0.01~PGA,0.01~SA(0.1),0.1~PGA,0.1~SA(0.1),0.2~PGA,0.2~SA(0.1)
-0.10000,0.00000,2.000000E-01,8.000000E-01,2.000000E-01,8.000000E-01,2.000000E-01,8.000000E-01
0.00000,0.00000,2.000000E-01,8.000000E-01,2.000000E-01,8.000000E-01,2.000000E-01,8.000000E-01
0.10000,0.00000,2.000000E-01,8.000000E-01,2.000000E-01,8.000000E-01,2.000000E-01,8.000000E-01
