# smlt_path='b1', gsimlt_path='b1', imt='PGA', investigation_time=50.0, lon=10.099999999999994, lat=40.1, poe='0.1000000', iml='2.9994509e-01'
mag,dist,poe
5.50000E+00,1.25000E+01,5.56905E-02
5.50000E+00,3.75000E+01,4.03548E-04
6.50000E+00,1.25000E+01,2.82244E-02
6.50000E+00,3.75000E+01,4.29982E-03
7.50000E+00,1.25000E+01,9.62426E-03
7.50000E+00,3.75000E+01,5.40873E-04
