# generated_by='OpenQuake engine 3.6.0-git017d410765', start_date='2019-05-24T08:13:22', checksum=2852175627, kind='rlz-007', investigation_time=1.0, imt='PGA'
lon,lat,depth,poe-0.0100000,poe-0.1000000,poe-0.3000000,poe-1.0000000
-64.91005,0.00000,0.00000,2.416507E-02,1.019853E-02,5.634902E-03,1.433038E-04
