# generated_by='OpenQuake engine 3.6.0-gite56a4a24b3', start_date='2019-06-17T10:08:31', checksum=69509919
rlz_id,loss_type,unit,mean,stddev
0,structural,USD,1.848876E+06,1.902063E+06
