# generated_by='OpenQuake engine 3.6.0-git017d410765', start_date='2019-05-24T08:12:54', checksum=1736466096, kind='mean', investigation_time=50.0, imt='SA(0.15)'
lon,lat,depth,poe-0.0009000,poe-0.0010000,poe-0.0020000,poe-0.0030000,poe-0.0040000,poe-0.0050000,poe-0.0070000,poe-0.0098000,poe-0.0137000,poe-0.0192000,poe-0.0269000,poe-0.0376000,poe-0.0527000,poe-0.0738000,poe-0.1030000,poe-0.1450000,poe-0.2030000,poe-0.2840000,poe-0.3970000,poe-0.5560000,poe-0.7780000,poe-1.0900000,poe-1.5200000,poe-2.1300000,poe-2.8500000,poe-3.4500000
16.26570,39.30020,0.00000,6.323413E-01,6.320174E-01,6.260006E-01,6.171500E-01,6.073505E-01,5.973657E-01,5.777763E-01,5.516479E-01,5.172147E-01,4.714520E-01,4.126697E-01,3.423729E-01,2.651668E-01,1.907990E-01,1.278519E-01,7.870422E-02,4.559221E-02,2.488562E-02,1.292592E-02,6.430549E-03,3.140465E-03,1.532801E-03,7.648908E-04,3.820151E-04,2.092244E-04,1.395240E-04
