# generated_by='OpenQuake engine 3.6.0-git017d410765', start_date='2019-05-24T08:12:54', checksum=1736466096, kind='mean', investigation_time=50.0, imt='SA(0.1)'
lon,lat,depth,poe-0.0009000,poe-0.0010000,poe-0.0020000,poe-0.0030000,poe-0.0040000,poe-0.0050000,poe-0.0070000,poe-0.0098000,poe-0.0137000,poe-0.0192000,poe-0.0269000,poe-0.0376000,poe-0.0527000,poe-0.0738000,poe-0.1030000,poe-0.1450000,poe-0.2030000,poe-0.2840000,poe-0.3970000,poe-0.5560000,poe-0.7780000,poe-1.0900000,poe-1.5200000,poe-2.1300000,poe-2.8500000,poe-3.4500000
16.26570,39.30020,0.00000,6.324546E-01,6.321709E-01,6.267018E-01,6.183906E-01,6.089931E-01,5.992656E-01,5.798466E-01,5.535040E-01,5.184831E-01,4.719527E-01,4.125864E-01,3.422720E-01,2.657348E-01,1.923040E-01,1.299035E-01,8.062549E-02,4.693783E-02,2.559324E-02,1.317655E-02,6.444132E-03,3.072541E-03,1.467560E-03,7.232661E-04,3.588418E-04,1.955958E-04,1.299284E-04
