# generated_by='OpenQuake engine 3.5.0-gitd83c42cda6', start_date='2019-05-12T07:12:05', checksum=4001490780, kind='rlz-001', investigation_time=1.0, imt='PGA'
lon,lat,depth,poe-0.1000000,poe-0.4000000,poe-0.6000000,poe-1.0000000
0.00000,0.00000,0.00000,4.300039E-02,1.196587E-03,7.371466E-05,0.000000E+00
