# generated_by='OpenQuake engine 3.5.0-gitd83c42cda6', start_date='2019-05-12T07:12:34', checksum=1751642476, kind='quantile-0.1', investigation_time=50.0, imt='PGA'
lon,lat,depth,poe-0.0050000,poe-0.0070000,poe-0.0098000
0.00000,0.00000,0.00000,9.230222E-02,9.106772E-02,8.784028E-02
