# generated_by='OpenQuake engine 3.6.0-gite56a4a24b3', start_date='2019-06-17T10:08:24', checksum=372210909
rlz_id,loss_type,unit,mean,stddev
0,structural,USD,5.960427E+02,3.678971E+02
