============== ==========
portfolio_loss structural
============== ==========
mean           18,857,970
stddev         7,613,433 
============== ==========