# generated_by='OpenQuake engine 3.6.0-gite56a4a24b3', start_date='2019-06-17T10:08:31', checksum=3380558429
rlz_id,loss_type,unit,mean,stddev
0,occupants,people,2.444851E+00,4.032337E-01
