# generated_by='OpenQuake engine 3.5.0-gitd83c42cda6', start_date='2019-05-12T07:14:54', checksum=4124672606, kind='mean', investigation_time=1.0, imt='PGA'
lon,lat,depth,poe-0.1000000,poe-0.1200000,poe-0.2000000
0.00000,0.00000,0.00000,7.949015E-01,7.580131E-01,3.440354E-01
