# generated_by='OpenQuake engine 3.5.0-gitd83c42cda6', start_date='2019-05-12T07:16:13', checksum=4228792571, kind='mean', investigation_time=1.0, imt='PGA'
lon,lat,depth,poe-0.1000000,poe-0.4000000,poe-0.6000000
0.00000,0.00000,0.00000,4.563774E-01,6.293254E-02,2.995505E-03
