# generated_by='OpenQuake engine 3.5.0-gitd83c42cda6', start_date='2019-05-12T07:16:28', checksum=3182629131, kind='mean', investigation_time=1.0, imt='PGA'
lon,lat,depth,poe-0.1000000,poe-0.4000000,poe-0.6000000,poe-1.0000000
0.00000,0.00000,0.00000,1.665279E-03,0.000000E+00,0.000000E+00,0.000000E+00
