# generated_by='OpenQuake engine 3.6.0-gitedaae62e23', start_date='2019-05-21T10:51:31', checksum=1631201394, kind='rlz-000', risk_investigation_time=1.0
annual_frequency_of_exceedence,return_period,loss_type,loss_value,loss_ratio
2.00000E-02,50,structural,2.12665E+03,3.03808E-02
1.00000E-02,100,structural,3.75632E+03,5.36617E-02
5.00000E-03,200,structural,4.53805E+03,6.48293E-02
2.00000E-03,500,structural,6.54413E+03,9.34876E-02
1.00000E-03,1000,structural,1.07776E+04,1.53965E-01
