event_id,rlz_id,rup_id,year,structural
2250562863104,0,524,1,1.68142E+02
