[[3196.5945  3712.2148 ]
 [1424.3071  1885.146  ]
 [1972.7131  2879.3462 ]
 [ 460.68484  598.89294]]