============== ===========
portfolio_loss structural 
============== ===========
mean           143,175,696
stddev         205,778,752
============== ===========